
> rest-express@1.0.0 build
> npx tsx script/build.ts

building client...
vite v7.3.1 building client environment for production...
transforming...

A PostCSS plugin did not pass the `from` option to `postcss.parse`. This may cause imported assets to be incorrectly transformed. If you've recently added a PostCSS plugin that raised this warning, please contact the package author to fix the issue.
✓ 1620 modules transformed.
✗ Build failed in 646ms
[vite:esbuild] Transform failed with 1 error:
/Users/nathaniel/Desktop/EOMail/EOMail-1/client/src/components/ai-chat-panel.tsx:314:7: ERROR: Unterminated regular expression
file: /Users/nathaniel/Desktop/EOMail/EOMail-1/client/src/components/ai-chat-panel.tsx:314:7

Unterminated regular expression
312 |          </div>
313 |        </div>
314 |      </>
    |         ^
315 |    );
316 |  }

    at failureErrorWithLog (/Users/nathaniel/Desktop/EOMail/EOMail-1/node_modules/vite/node_modules/esbuild/lib/main.js:1467:15)
    at /Users/nathaniel/Desktop/EOMail/EOMail-1/node_modules/vite/node_modules/esbuild/lib/main.js:736:50
    at responseCallbacks.<computed> (/Users/nathaniel/Desktop/EOMail/EOMail-1/node_modules/vite/node_modules/esbuild/lib/main.js:603:9)
    at handleIncomingPacket (/Users/nathaniel/Desktop/EOMail/EOMail-1/node_modules/vite/node_modules/esbuild/lib/main.js:658:12)
    at Socket.readFromStdout (/Users/nathaniel/Desktop/EOMail/EOMail-1/node_modules/vite/node_modules/esbuild/lib/main.js:581:7)
    at Socket.emit (node:events:508:28)
    at addChunk (node:internal/streams/readable:559:12)
    at readableAddChunkPushByteMode (node:internal/streams/readable:510:3)
    at Readable.push (node:internal/streams/readable:390:5)
    at Pipe.onStreamRead (node:internal/stream_base_commons:189:23) {
  errors: [Getter/Setter],
  warnings: [Getter/Setter],
  frame: '\n' +
    'Unterminated regular expression\n' +
    '312 |          </div>\n' +
    '313 |        </div>\n' +
    '314 |      </>\n' +
    '    |         ^\n' +
    '315 |    );\n' +
    '316 |  }\n',
  loc: {
    column: 7,
    file: '/Users/nathaniel/Desktop/EOMail/EOMail-1/client/src/components/ai-chat-panel.tsx',
    length: 0,
    line: 314,
    lineText: '    </>',
    namespace: '',
    suggestion: ''
  },
  code: 'PLUGIN_ERROR',
  plugin: 'vite:esbuild',
  hook: 'transform',
  id: '/Users/nathaniel/Desktop/EOMail/EOMail-1/client/src/components/ai-chat-panel.tsx',
  watchFiles: [
    '/Users/nathaniel/Desktop/EOMail/EOMail-1/client/index.html',
    '/Users/nathaniel/Desktop/EOMail/EOMail-1/client/src/main.tsx',
    '/Users/nathaniel/Desktop/EOMail/EOMail-1/package.json',
    '/Users/nathaniel/Desktop/EOMail/EOMail-1/node_modules/react-dom/client.js',
    '/Users/nathaniel/Desktop/EOMail/EOMail-1/node_modules/react/jsx-runtime.js',
    '/Users/nathaniel/Desktop/EOMail/EOMail-1/client/src/App.tsx',
    '/Users/nathaniel/Desktop/EOMail/EOMail-1/client/src/index.css',
    '/Users/nathaniel/Desktop/EOMail/EOMail-1/node_modules/react/cjs/react-jsx-runtime.production.min.js',
    '/Users/nathaniel/Desktop/EOMail/EOMail-1/node_modules/react-dom/index.js',
    '/Users/nathaniel/Desktop/EOMail/EOMail-1/client/src/hooks/use-toast.ts',
    '/Users/nathaniel/Desktop/EOMail/EOMail-1/client/src/lib/queryClient.ts',
    '/Users/nathaniel/Desktop/EOMail/EOMail-1/client/src/lib/utils.ts',
    '/Users/nathaniel/Desktop/EOMail/EOMail-1/client/src/components/ai-chat-panel.tsx',
    '/Users/nathaniel/Desktop/EOMail/EOMail-1/client/src/components/ai-command-bar.tsx',
    '/Users/nathaniel/Desktop/EOMail/EOMail-1/client/src/components/app-sidebar.tsx',
    '/Users/nathaniel/Desktop/EOMail/EOMail-1/client/src/components/compose-dialog.tsx',
    '/Users/nathaniel/Desktop/EOMail/EOMail-1/client/src/components/email-detail.tsx',
    '/Users/nathaniel/Desktop/EOMail/EOMail-1/client/src/components/email-list.tsx',
    '/Users/nathaniel/Desktop/EOMail/EOMail-1/client/src/components/morning-briefing.tsx',
    '/Users/nathaniel/Desktop/EOMail/EOMail-1/client/src/components/theme-toggle.tsx',
    '/Users/nathaniel/Desktop/EOMail/EOMail-1/client/src/components/ui/avatar.tsx',
    '/Users/nathaniel/Desktop/EOMail/EOMail-1/client/src/components/ui/badge.tsx',
    '/Users/nathaniel/Desktop/EOMail/EOMail-1/client/src/components/ui/button.tsx',
    '/Users/nathaniel/Desktop/EOMail/EOMail-1/client/src/components/ui/card.tsx',
    '/Users/nathaniel/Desktop/EOMail/EOMail-1/client/src/components/ui/checkbox.tsx',
    '/Users/nathaniel/Desktop/EOMail/EOMail-1/client/src/components/ui/collapsible.tsx',
    '/Users/nathaniel/Desktop/EOMail/EOMail-1/client/src/components/ui/dialog.tsx',
    '/Users/nathaniel/Desktop/EOMail/EOMail-1/client/src/components/ui/dropdown-menu.tsx',
    '/Users/nathaniel/Desktop/EOMail/EOMail-1/client/src/components/ui/input.tsx',
    '/Users/nathaniel/Desktop/EOMail/EOMail-1/client/src/components/ui/label.tsx',
    '/Users/nathaniel/Desktop/EOMail/EOMail-1/client/src/components/ui/separator.tsx',
    '/Users/nathaniel/Desktop/EOMail/EOMail-1/client/src/components/ui/sheet.tsx',
    '/Users/nathaniel/Desktop/EOMail/EOMail-1/client/src/components/ui/sidebar.tsx',
    '/Users/nathaniel/Desktop/EOMail/EOMail-1/client/src/components/ui/skeleton.tsx',
    '/Users/nathaniel/Desktop/EOMail/EOMail-1/client/src/components/ui/tabs.tsx',
    '/Users/nathaniel/Desktop/EOMail/EOMail-1/client/src/components/ui/textarea.tsx',
    '/Users/nathaniel/Desktop/EOMail/EOMail-1/client/src/components/ui/toast.tsx',
    '/Users/nathaniel/Desktop/EOMail/EOMail-1/client/src/components/ui/toaster.tsx',
    '/Users/nathaniel/Desktop/EOMail/EOMail-1/client/src/components/ui/tooltip.tsx',
    '/Users/nathaniel/Desktop/EOMail/EOMail-1/client/src/hooks/use-auth.tsx',
    '/Users/nathaniel/Desktop/EOMail/EOMail-1/client/src/hooks/use-mobile.tsx',
    '/Users/nathaniel/Desktop/EOMail/EOMail-1/client/src/pages/auth.tsx',
    '/Users/nathaniel/Desktop/EOMail/EOMail-1/client/src/pages/forgot-password.tsx',
    '/Users/nathaniel/Desktop/EOMail/EOMail-1/client/src/pages/mail.tsx',
    '/Users/nathaniel/Desktop/EOMail/EOMail-1/client/src/pages/not-found.tsx',
    '/Users/nathaniel/Desktop/EOMail/EOMail-1/client/src/pages/reset-password.tsx',
    '/Users/nathaniel/Desktop/EOMail/EOMail-1/client/src/pages/verify-email.tsx',
    '/Users/nathaniel/Desktop/EOMail/EOMail-1/tailwind.config.ts',
    '/Users/nathaniel/Desktop/EOMail/EOMail-1/node_modules/react/index.js',
    '/Users/nathaniel/Desktop/EOMail/EOMail-1/node_modules/wouter/src/index.js',
    '/Users/nathaniel/Desktop/EOMail/EOMail-1/node_modules/@tanstack/react-query/build/modern/index.js',
    '/Users/nathaniel/Desktop/EOMail/EOMail-1/node_modules/lucide-react/dist/esm/lucide-react.js',
    '/Users/nathaniel/Desktop/EOMail/EOMail-1/node_modules/react-dom/cjs/react-dom.production.min.js',
    '/Users/nathaniel/Desktop/EOMail/EOMail-1/node_modules/wouter/src/use-browser-location.js',
    '/Users/nathaniel/Desktop/EOMail/EOMail-1/node_modules/regexparam/dist/index.mjs',
    '/Users/nathaniel/Desktop/EOMail/EOMail-1/node_modules/wouter/src/react-deps.js',
    '/Users/nathaniel/Desktop/EOMail/EOMail-1/node_modules/wouter/src/paths.js',
    '/Users/nathaniel/Desktop/EOMail/EOMail-1/node_modules/@tanstack/query-core/build/modern/index.js',
    '/Users/nathaniel/Desktop/EOMail/EOMail-1/node_modules/@tanstack/react-query/build/modern/useQueries.js',
    '/Users/nathaniel/Desktop/EOMail/EOMail-1/node_modules/@tanstack/react-query/build/modern/types.js',
    '/Users/nathaniel/Desktop/EOMail/EOMail-1/node_modules/@tanstack/react-query/build/modern/useQuery.js',
    '/Users/nathaniel/Desktop/EOMail/EOMail-1/node_modules/@tanstack/react-query/build/modern/useSuspenseQuery.js',
    '/Users/nathaniel/Desktop/EOMail/EOMail-1/node_modules/@tanstack/react-query/build/modern/usePrefetchInfiniteQuery.js',
    '/Users/nathaniel/Desktop/EOMail/EOMail-1/node_modules/@tanstack/react-query/build/modern/useSuspenseInfiniteQuery.js',
    '/Users/nathaniel/Desktop/EOMail/EOMail-1/node_modules/@tanstack/react-query/build/modern/usePrefetchQuery.js',
    '/Users/nathaniel/Desktop/EOMail/EOMail-1/node_modules/@tanstack/react-query/build/modern/queryOptions.js',
    '/Users/nathaniel/Desktop/EOMail/EOMail-1/node_modules/@tanstack/react-query/build/modern/useSuspenseQueries.js',
    '/Users/nathaniel/Desktop/EOMail/EOMail-1/node_modules/@tanstack/react-query/build/modern/infiniteQueryOptions.js',
    '/Users/nathaniel/Desktop/EOMail/EOMail-1/node_modules/@tanstack/react-query/build/modern/HydrationBoundary.js',
    '/Users/nathaniel/Desktop/EOMail/EOMail-1/node_modules/@tanstack/react-query/build/modern/useIsFetching.js',
    '/Users/nathaniel/Desktop/EOMail/EOMail-1/node_modules/@tanstack/react-query/build/modern/QueryErrorResetBoundary.js',
    '/Users/nathaniel/Desktop/EOMail/EOMail-1/node_modules/@tanstack/react-query/build/modern/useMutation.js',
    '/Users/nathaniel/Desktop/EOMail/EOMail-1/node_modules/@tanstack/react-query/build/modern/QueryClientProvider.js',
    '/Users/nathaniel/Desktop/EOMail/EOMail-1/node_modules/@tanstack/react-query/build/modern/useMutationState.js',
    '/Users/nathaniel/Desktop/EOMail/EOMail-1/node_modules/@tanstack/react-query/build/modern/useInfiniteQuery.js',
    '/Users/nathaniel/Desktop/EOMail/EOMail-1/node_modules/@tanstack/react-query/build/modern/IsRestoringProvider.js',
    '/Users/nathaniel/Desktop/EOMail/EOMail-1/node_modules/@tanstack/react-query/build/modern/mutationOptions.js',
    '/Users/nathaniel/Desktop/EOMail/EOMail-1/node_modules/react/cjs/react.production.min.js',
    '/Users/nathaniel/Desktop/EOMail/EOMail-1/node_modules/lucide-react/dist/esm/icons/a-arrow-up.js',
    '/Users/nathaniel/Desktop/EOMail/EOMail-1/node_modules/lucide-react/dist/esm/icons/a-arrow-down.js',
    '/Users/nathaniel/Desktop/EOMail/EOMail-1/node_modules/lucide-react/dist/esm/icons/a-large-small.js',
    '/Users/nathaniel/Desktop/EOMail/EOMail-1/node_modules/lucide-react/dist/esm/icons/accessibility.js',
    '/Users/nathaniel/Desktop/EOMail/EOMail-1/node_modules/lucide-react/dist/esm/icons/airplay.js',
    '/Users/nathaniel/Desktop/EOMail/EOMail-1/node_modules/lucide-react/dist/esm/icons/index.js',
    '/Users/nathaniel/Desktop/EOMail/EOMail-1/node_modules/lucide-react/dist/esm/icons/alarm-clock-off.js',
    '/Users/nathaniel/Desktop/EOMail/EOMail-1/node_modules/lucide-react/dist/esm/icons/activity.js',
    '/Users/nathaniel/Desktop/EOMail/EOMail-1/node_modules/lucide-react/dist/esm/icons/air-vent.js',
    '/Users/nathaniel/Desktop/EOMail/EOMail-1/node_modules/lucide-react/dist/esm/icons/alarm-smoke.js',
    '/Users/nathaniel/Desktop/EOMail/EOMail-1/node_modules/lucide-react/dist/esm/icons/align-center-horizontal.js',
    '/Users/nathaniel/Desktop/EOMail/EOMail-1/node_modules/lucide-react/dist/esm/icons/alarm-clock.js',
    '/Users/nathaniel/Desktop/EOMail/EOMail-1/node_modules/lucide-react/dist/esm/icons/album.js',
    '/Users/nathaniel/Desktop/EOMail/EOMail-1/node_modules/lucide-react/dist/esm/icons/align-center.js',
    '/Users/nathaniel/Desktop/EOMail/EOMail-1/node_modules/lucide-react/dist/esm/icons/align-center-vertical.js',
    '/Users/nathaniel/Desktop/EOMail/EOMail-1/node_modules/lucide-react/dist/esm/icons/align-end-horizontal.js',
    '/Users/nathaniel/Desktop/EOMail/EOMail-1/node_modules/lucide-react/dist/esm/icons/align-horizontal-distribute-center.js',
    '/Users/nathaniel/Desktop/EOMail/EOMail-1/node_modules/lucide-react/dist/esm/icons/align-end-vertical.js',
    '/Users/nathaniel/Desktop/EOMail/EOMail-1/node_modules/lucide-react/dist/esm/icons/align-horizontal-distribute-start.js',
    '/Users/nathaniel/Desktop/EOMail/EOMail-1/node_modules/lucide-react/dist/esm/icons/align-horizontal-distribute-end.js',
    '/Users/nathaniel/Desktop/EOMail/EOMail-1/node_modules/lucide-react/dist/esm/icons/align-horizontal-justify-end.js',
    '/Users/nathaniel/Desktop/EOMail/EOMail-1/node_modules/lucide-react/dist/esm/icons/align-horizontal-justify-center.js',
    ... 1540 more items
  ]
}
